------------------------------------------------------------
Timing Analyzer Summary
------------------------------------------------------------

Type  : Slow 1100mV 85C Model Setup 'clk'
Slack : -5.582
TNS   : -80.448

Type  : Slow 1100mV 85C Model Setup 'SlowClock:U1|slow_clk'
Slack : -1.050
TNS   : -1.447

Type  : Slow 1100mV 85C Model Hold 'SlowClock:U1|slow_clk'
Slack : 0.352
TNS   : 0.000

Type  : Slow 1100mV 85C Model Hold 'clk'
Slack : 0.376
TNS   : 0.000

Type  : Slow 1100mV 85C Model Minimum Pulse Width 'clk'
Slack : -0.394
TNS   : -17.844

Type  : Slow 1100mV 85C Model Minimum Pulse Width 'SlowClock:U1|slow_clk'
Slack : -0.394
TNS   : -1.020

Type  : Slow 1100mV 0C Model Setup 'clk'
Slack : -5.654
TNS   : -80.158

Type  : Slow 1100mV 0C Model Setup 'SlowClock:U1|slow_clk'
Slack : -1.071
TNS   : -1.447

Type  : Slow 1100mV 0C Model Hold 'SlowClock:U1|slow_clk'
Slack : 0.315
TNS   : 0.000

Type  : Slow 1100mV 0C Model Hold 'clk'
Slack : 0.379
TNS   : 0.000

Type  : Slow 1100mV 0C Model Minimum Pulse Width 'clk'
Slack : -0.394
TNS   : -19.224

Type  : Slow 1100mV 0C Model Minimum Pulse Width 'SlowClock:U1|slow_clk'
Slack : -0.394
TNS   : -1.026

Type  : Fast 1100mV 85C Model Setup 'clk'
Slack : -3.327
TNS   : -35.021

Type  : Fast 1100mV 85C Model Setup 'SlowClock:U1|slow_clk'
Slack : -0.332
TNS   : -0.332

Type  : Fast 1100mV 85C Model Hold 'SlowClock:U1|slow_clk'
Slack : 0.168
TNS   : 0.000

Type  : Fast 1100mV 85C Model Hold 'clk'
Slack : 0.199
TNS   : 0.000

Type  : Fast 1100mV 85C Model Minimum Pulse Width 'clk'
Slack : -0.369
TNS   : -3.359

Type  : Fast 1100mV 85C Model Minimum Pulse Width 'SlowClock:U1|slow_clk'
Slack : 0.139
TNS   : 0.000

Type  : Fast 1100mV 0C Model Setup 'clk'
Slack : -2.962
TNS   : -30.404

Type  : Fast 1100mV 0C Model Setup 'SlowClock:U1|slow_clk'
Slack : -0.282
TNS   : -0.282

Type  : Fast 1100mV 0C Model Hold 'SlowClock:U1|slow_clk'
Slack : 0.136
TNS   : 0.000

Type  : Fast 1100mV 0C Model Hold 'clk'
Slack : 0.187
TNS   : 0.000

Type  : Fast 1100mV 0C Model Minimum Pulse Width 'clk'
Slack : -0.367
TNS   : -3.344

Type  : Fast 1100mV 0C Model Minimum Pulse Width 'SlowClock:U1|slow_clk'
Slack : 0.143
TNS   : 0.000

------------------------------------------------------------
